Vercel CLI 59.16.0 (Node.js 24.19.0)
Deploying epochesque
Uploading [--------------------] (0.0B/859.7KB)
Uploading [=====---------------] (218.2KB/859.7KB)
Uploading [==========----------] (432.7KB/859.7KB)
Uploading [===============-----] (645.8KB/859.7KB)
Uploading [====================] (859.7KB/859.7KB)
  Inspect         https://vercel.com/shivambwajs-projects/epochesque/8e1q1qBb93XXgQRtHBieWixiCjNQ
  Production      https://epochesque-cokqaqby8-shivambwajs-projects.vercel.app
https://epochesque-cokqaqby8-shivambwajs-projects.vercel.appBuildingΓÇª
BuildingΓÇª
Running build in Washington, D.C., USA (East) ΓÇô iad1
Build machine configuration: 2 cores, 8 GB
Retrieving list of deployment files...
Previous build caches not available.
Downloading 129 deployment files...
Running "vercel build"
Vercel CLI 59.11.7
Installing dependencies...
npm warn deprecated eslint@9.39.5: This version is no longer supported. Please see https://eslint.org/version-support for other options.
added 420 packages in 12s
157 packages are looking for funding
run `npm fund` for details
Detected Next.js version: 16.3.5
Running "npm run build"
> epoch@0.1.0 build
> next build
Γû▓ Next.js 16.3.5 (Turbopack)
Applying modifyConfig from Vercel
Γ£ô Running next.config.ts took 101ms
Attention: Next.js now collects completely anonymous telemetry regarding usage.
This information is used to shape Next.js' roadmap and prioritize features.
You can learn more, including how to opt-out if you'd not like to participate in this anonymous program, by visiting the following URL:
https://nextjs.org/telemetry
- Experiments (use with caution):
┬╖ proxyClientMaxBodySize: "35mb"
┬╖ serverActions
ΓÜá The Edge Runtime is deprecated. You can use the "nodejs" runtime instead. Learn more: https://nextjs.org/docs/messages/edge-runtime-deprecated
Creating an optimized production build ...
Γ£ô Compiled successfully in 10.0s
Running TypeScript ...
Finished TypeScript in 6.8s ...
Collecting page data using 1 worker ...
ΓÜá Using edge runtime on a page currently disables static generation for that page
Generating static pages using 1 worker (0/7) ...
Generating static pages using 1 worker (1/7)
Generating static pages using 1 worker (3/7)
Generating static pages using 1 worker (5/7)
Γ£ô Generating static pages using 1 worker (7/7) in 143ms
Finalizing page optimization ...
Running onBuildComplete from Vercel
Route (app)
Γöî ╞Æ /
Γö£ ╞Æ /_not-found
Γö£ ╞Æ /admin
Γö£ ╞Æ /admin/announce-winners
Γö£ ╞Æ /admin/audit
Γö£ ╞Æ /admin/final
Γö£ ╞Æ /admin/gallery
Γö£ ╞Æ /admin/notices
Γö£ ╞Æ /admin/people
Γö£ ╞Æ /admin/problem-statements
Γö£ ╞Æ /admin/round1
Γö£ ╞Æ /admin/scoring
Γö£ ╞Æ /admin/settings
Γö£ ╞Æ /admin/teams
Γö£ ╞Æ /admin/teams/add
Γö£ ╞Æ /admin/teams/import
Γö£ ╞Æ /dashboard
Γö£ ╞Æ /dashboard/problem-statement
Γö£ ╞Æ /dashboard/submit/final
Γö£ ╞Æ /dashboard/submit/round1
Γö£ ╞Æ /gallery
Γö£ Γùï /icon.svg
Γö£ ╞Æ /leaderboard
Γö£ ╞Æ /login
Γö£ ╞Æ /oc
Γö£ ╞Æ /opengraph-image
Γö£ Γùï /robots.txt
Γö£ Γùï /sitemap.xml
Γöö ╞Æ /speakers
╞Æ Proxy (Middleware)
Γùï  (Static)   prerendered as static content
╞Æ  (Dynamic)  server-rendered on demand
Build Completed in /vercel/output [32s]
Deploying outputs...
[2K[1A[2K[G  Production      https://epochesque-cokqaqby8-shivambwajs-projects.vercel.app
CompletingΓÇª
Γû▓ Aliased         https://epochesque.vercel.app

Γ£ô Ready in 54s

Next steps:
- Check the deployment response:
  vercel curl https://epochesque-cokqaqby8-shivambwajs-projects.vercel.app
- View build logs:
  vercel inspect epochesque-cokqaqby8-shivambwajs-projects.vercel.app --logs
- Create a new deployment from the same source:
  vercel redeploy epochesque-cokqaqby8-shivambwajs-projects.vercel.app
